node.exe : FAIL src/__t
ests__/routes.test.ts
At line:1 char:1
+ & "C:\nvm4w\nodejs/no
de.exe" "C:\Users\EMMA\
AppData\Roaming\npm/nod
e_ ...
+ ~~~~~~~~~~~~~~~~~~~~~
~~~~~~~~~~~~~~~~~~~~~~~
~~~~~~~~~~~~~~~~~~~~~~~
~~
    + CategoryInfo     
         : NotSpecifi  
  ed: (FAIL src/__te   
 sts__/routes.test.    
ts:String) [], Rem    
oteException
    + FullyQualifiedEr 
   rorId : NativeComm  
  andError
 
  ΓùÅ Test suite 
failed to run

    [96msrc/__tests__/
routes.test.ts[0m:[93
m6[0m:[93m1[0m - 
[91merror[0m[90m 
TS2593: [0mCannot 
find name 'describe'. 
Do you need to install 
type definitions for a 
test runner? Try `npm 
i --save-dev 
@types/jest` or `npm i 
--save-dev 
@types/mocha` and then 
add 'jest' or 'mocha' 
to the types field in 
your tsconfig.

    [7m6[0m 
describe('API Routes', 
() => {
    [7m [0m 
[91m~~~~~~~~[0m
    [96msrc/__tests__/
routes.test.ts[0m:[93
m7[0m:[93m3[0m - 
[91merror[0m[90m 
TS2593: [0mCannot 
find name 'describe'. 
Do you need to install 
type definitions for a 
test runner? Try `npm 
i --save-dev 
@types/jest` or `npm i 
--save-dev 
@types/mocha` and then 
add 'jest' or 'mocha' 
to the types field in 
your tsconfig.

    [7m7[0m   
describe('GET 
/api/health', () => {
    [7m [0m [91m  
~~~~~~~~[0m
    [96msrc/__tests__/
routes.test.ts[0m:[93
m8[0m:[93m5[0m - 
[91merror[0m[90m 
TS2593: [0mCannot 
find name 'it'. Do you 
need to install type 
definitions for a test 
runner? Try `npm i 
--save-dev 
@types/jest` or `npm i 
--save-dev 
@types/mocha` and then 
add 'jest' or 'mocha' 
to the types field in 
your tsconfig.

    [7m8[0m     
it('should return 200 
and healthy status', 
async () => {
    [7m [0m [91m    
~~[0m
    [96msrc/__tests__/
routes.test.ts[0m:[93
m10[0m:[93m7[0m - 
[91merror[0m[90m 
TS2304: [0mCannot 
find name 'expect'.

    [7m10[0m       ex
pect(res.status).toBe(2
00);
    [7m  [0m [91m   
   ~~~~~~[0m
    [96msrc/__tests__/
routes.test.ts[0m:[93
m11[0m:[93m7[0m - 
[91merror[0m[90m 
TS2304: [0mCannot 
find name 'expect'.

    [7m11[0m       ex
pect(res.body).toEqual(
{
    [7m  [0m [91m   
   ~~~~~~[0m
    [96msrc/__tests__/
routes.test.ts[0m:[93
m14[0m:[93m20[0m - 
[91merror[0m[90m 
TS2304: [0mCannot 
find name 'expect'.

    [7m14[0m         
timestamp: 
expect.any(String),
    [7m  [0m [91m   
                
~~~~~~[0m
    [96msrc/__tests__/
routes.test.ts[0m:[93
m15[0m:[93m18[0m - 
[91merror[0m[90m 
TS2304: [0mCannot 
find name 'expect'.

    [7m15[0m         
version: 
expect.any(String),
    [7m  [0m [91m   
              
~~~~~~[0m
    [96msrc/__tests__/
routes.test.ts[0m:[93
m20[0m:[93m3[0m - 
[91merror[0m[90m 
TS2593: [0mCannot 
find name 'describe'. 
Do you need to install 
type definitions for a 
test runner? Try `npm 
i --save-dev 
@types/jest` or `npm i 
--save-dev 
@types/mocha` and then 
add 'jest' or 'mocha' 
to the types field in 
your tsconfig.

    [7m20[0m   
describe('Auth 
Routes', () => {
    [7m  [0m [91m  
~~~~~~~~[0m
    [96msrc/__tests__/
routes.test.ts[0m:[93
m21[0m:[93m5[0m - 
[91merror[0m[90m 
TS2593: [0mCannot 
find name 'it'. Do you 
need to install type 
definitions for a test 
runner? Try `npm i 
--save-dev 
@types/jest` or `npm i 
--save-dev 
@types/mocha` and then 
add 'jest' or 'mocha' 
to the types field in 
your tsconfig.

    [7m21[0m     
it('should return 200 
for nonce generation 
with valid wallet', 
async () => {
    [7m  [0m [91m   
 ~~[0m
    [96msrc/__tests__/
routes.test.ts[0m:[93
m26[0m:[93m7[0m - 
[91merror[0m[90m 
TS2304: [0mCannot 
find name 'expect'.

    [7m26[0m       ex
pect(res.status).toBe(2
00);
    [7m  [0m [91m   
   ~~~~~~[0m
    [96msrc/__tests__/
routes.test.ts[0m:[93
m27[0m:[93m7[0m - 
[91merror[0m[90m 
TS2304: [0mCannot 
find name 'expect'.

    [7m27[0m       ex
pect(res.body.success).
toBe(true);
    [7m  [0m [91m   
   ~~~~~~[0m
    [96msrc/__tests__/
routes.test.ts[0m:[93
m28[0m:[93m7[0m - 
[91merror[0m[90m 
TS2304: [0mCannot 
find name 'expect'.

    [7m28[0m       ex
pect(res.body.data.nonc
e).toBeDefined();
    [7m  [0m [91m   
   ~~~~~~[0m
    [96msrc/__tests__/
routes.test.ts[0m:[93
m31[0m:[93m5[0m - 
[91merror[0m[90m 
TS2593: [0mCannot 
find name 'it'. Do you 
need to install type 
definitions for a test 
runner? Try `npm i 
--save-dev 
@types/jest` or `npm i 
--save-dev 
@types/mocha` and then 
add 'jest' or 'mocha' 
to the types field in 
your tsconfig.

    [7m31[0m     
it('should return 422 
for invalid wallet 
address', async () => {
    [7m  [0m [91m   
 ~~[0m
    [96msrc/__tests__/
routes.test.ts[0m:[93
m36[0m:[93m7[0m - 
[91merror[0m[90m 
TS2304: [0mCannot 
find name 'expect'.

    [7m36[0m       ex
pect(res.status).toBe(4
22);
    [7m  [0m [91m   
   ~~~~~~[0m
    [96msrc/__tests__/
routes.test.ts[0m:[93
m37[0m:[93m7[0m - 
[91merror[0m[90m 
TS2304: [0mCannot 
find name 'expect'.

    [7m37[0m       ex
pect(res.body.success).
toBe(false);
    [7m  [0m [91m   
   ~~~~~~[0m
    [96msrc/__tests__/
routes.test.ts[0m:[93
m38[0m:[93m7[0m - 
[91merror[0m[90m 
TS2304: [0mCannot 
find name 'expect'.

    [7m38[0m       ex
pect(res.body.error).to
Be('ValidationError');
    [7m  [0m [91m   
   ~~~~~~[0m
    [96msrc/__tests__/
routes.test.ts[0m:[93
m42[0m:[93m3[0m - 
[91merror[0m[90m 
TS2593: [0mCannot 
find name 'describe'. 
Do you need to install 
type definitions for a 
test runner? Try `npm 
i --save-dev 
@types/jest` or `npm i 
--save-dev 
@types/mocha` and then 
add 'jest' or 'mocha' 
to the types field in 
your tsconfig.

    [7m42[0m   
describe('Art Routes', 
() => {
    [7m  [0m [91m  
~~~~~~~~[0m
    [96msrc/__tests__/
routes.test.ts[0m:[93
m43[0m:[93m5[0m - 
[91merror[0m[90m 
TS2593: [0mCannot 
find name 'it'. Do you 
need to install type 
definitions for a test 
runner? Try `npm i 
--save-dev 
@types/jest` or `npm i 
--save-dev 
@types/mocha` and then 
add 'jest' or 'mocha' 
to the types field in 
your tsconfig.

    [7m43[0m     
it('should return 200 
for listing artworks', 
async () => {
    [7m  [0m [91m   
 ~~[0m
    [96msrc/__tests__/
routes.test.ts[0m:[93
m45[0m:[93m7[0m - 
[91merror[0m[90m 
TS2304: [0mCannot 
find name 'expect'.

    [7m45[0m       ex
pect(res.status).toBe(2
00);
    [7m  [0m [91m   
   ~~~~~~[0m
    [96msrc/__tests__/
routes.test.ts[0m:[93
m46[0m:[93m7[0m - 
[91merror[0m[90m 
TS2304: [0mCannot 
find name 'expect'.

    [7m46[0m       ex
pect(res.body.success).
toBe(true);
    [7m  [0m [91m   
   ~~~~~~[0m
    [96msrc/__tests__/
routes.test.ts[0m:[93
m47[0m:[93m7[0m - 
[91merror[0m[90m 
TS2304: [0mCannot 
find name 'expect'.

    [7m47[0m       ex
pect(Array.isArray(res.
body.data.artworks)).to
Be(true);
    [7m  [0m [91m   
   ~~~~~~[0m
    [96msrc/__tests__/
routes.test.ts[0m:[93
m51[0m:[93m3[0m - 
[91merror[0m[90m 
TS2593: [0mCannot 
find name 'describe'. 
Do you need to install 
type definitions for a 
test runner? Try `npm 
i --save-dev 
@types/jest` or `npm i 
--save-dev 
@types/mocha` and then 
add 'jest' or 'mocha' 
to the types field in 
your tsconfig.

    [7m51[0m   
describe('Blockchain 
Routes', () => {
    [7m  [0m [91m  
~~~~~~~~[0m
    [96msrc/__tests__/
routes.test.ts[0m:[93
m52[0m:[93m5[0m - 
[91merror[0m[90m 
TS2593: [0mCannot 
find name 'it'. Do you 
need to install type 
definitions for a test 
runner? Try `npm i 
--save-dev 
@types/jest` or `npm i 
--save-dev 
@types/mocha` and then 
add 'jest' or 'mocha' 
to the types field in 
your tsconfig.

    [7m52[0m     
it('should return 200 
for network status', 
async () => {
    [7m  [0m [91m   
 ~~[0m
    [96msrc/__tests__/
routes.test.ts[0m:[93
m54[0m:[93m7[0m - 
[91merror[0m[90m 
TS2304: [0mCannot 
find name 'expect'.

    [7m54[0m       ex
pect(res.status).toBe(2
00);
    [7m  [0m [91m   
   ~~~~~~[0m
    [96msrc/__tests__/
routes.test.ts[0m:[93
m55[0m:[93m7[0m - 
[91merror[0m[90m 
TS2304: [0mCannot 
find name 'expect'.

    [7m55[0m       ex
pect(res.body.success).
toBe(true);
    [7m  [0m [91m   
   ~~~~~~[0m
    [96msrc/__tests__/
routes.test.ts[0m:[93
m56[0m:[93m7[0m - 
[91merror[0m[90m 
TS2304: [0mCannot 
find name 'expect'.

    [7m56[0m       ex
pect(res.body.data.evm)
.toBeDefined();
    [7m  [0m [91m   
   ~~~~~~[0m
    [96msrc/__tests__/
routes.test.ts[0m:[93
m57[0m:[93m7[0m - 
[91merror[0m[90m 
TS2304: [0mCannot 
find name 'expect'.

    [7m57[0m       ex
pect(res.body.data.stel
lar).toBeDefined();
    [7m  [0m [91m   
   ~~~~~~[0m
    [96msrc/__tests__/
routes.test.ts[0m:[93
m61[0m:[93m3[0m - 
[91merror[0m[90m 
TS2593: [0mCannot 
find name 'describe'. 
Do you need to install 
type definitions for a 
test runner? Try `npm 
i --save-dev 
@types/jest` or `npm i 
--save-dev 
@types/mocha` and then 
add 'jest' or 'mocha' 
to the types field in 
your tsconfig.

    [7m61[0m   
describe('404 
Handler', () => {
    [7m  [0m [91m  
~~~~~~~~[0m
    [96msrc/__tests__/
routes.test.ts[0m:[93
m62[0m:[93m5[0m - 
[91merror[0m[90m 
TS2593: [0mCannot 
find name 'it'. Do you 
need to install type 
definitions for a test 
runner? Try `npm i 
--save-dev 
@types/jest` or `npm i 
--save-dev 
@types/mocha` and then 
add 'jest' or 'mocha' 
to the types field in 
your tsconfig.

    [7m62[0m     
it('should return 404 
for unknown routes', 
async () => {
    [7m  [0m [91m   
 ~~[0m
    [96msrc/__tests__/
routes.test.ts[0m:[93
m64[0m:[93m7[0m - 
[91merror[0m[90m 
TS2304: [0mCannot 
find name 'expect'.

    [7m64[0m       ex
pect(res.status).toBe(4
04);
    [7m  [0m [91m   
   ~~~~~~[0m
    [96msrc/__tests__/
routes.test.ts[0m:[93
m65[0m:[93m7[0m - 
[91merror[0m[90m 
TS2304: [0mCannot 
find name 'expect'.

    [7m65[0m       ex
pect(res.body.success).
toBe(false);
    [7m  [0m [91m   
   ~~~~~~[0m
    [96msrc/__tests__/
routes.test.ts[0m:[93
m66[0m:[93m7[0m - 
[91merror[0m[90m 
TS2304: [0mCannot 
find name 'expect'.

    [7m66[0m       ex
pect(res.body.error).to
Be('NotFound');
    [7m  [0m [91m   
   ~~~~~~[0m

Test Suites: 1 failed, 
1 total
Tests:       0 total
Snapshots:   0 total
Time:        4.459 s
Ran all test suites 
matching /src\\__tests_
_\\routes.test.ts/i.
